// Jest Snapshot v1, https://goo.gl/fbAQLP

exports[`Component SearchForm Snapshot Renders a SearchForm 1`] = `
<div
  className="jsx-3827965263"
  style={Object {}}
>
  <div
    className="jsx-212918199"
  >
    <input
      className="jsx-212918199"
      name="name"
      onChange={[Function]}
      placeholder="name"
      style={Object {}}
      type="text"
      value=""
    />
  </div>
  <div
    className="jsx-178200624"
  >
    <button
      className="jsx-178200624 default"
      onClick={[Function]}
      style={Object {}}
      type="button"
    >
      Search
    </button>
  </div>
</div>
`;
