// Jest Snapshot v1, https://goo.gl/fbAQLP

exports[`Component Information Snapshot without arguments, take the default values 1`] = `
<div
  className="jsx-3215497222 information"
>
  <div
    className="jsx-3215497222 information-item"
  >
    <h4
      className="jsx-610941067"
      style={
        Object {
          "fontSize": 16,
        }
      }
    >
      Year Joined
    </h4>
    <h5
      className="jsx-3157562509"
      style={
        Object {
          "fontSize": 16,
          "fontWeight": "normal",
          "marginTop": 8,
        }
      }
    >
      1999
    </h5>
  </div>
  <div
    className="jsx-3215497222 information-item"
  >
    <h4
      className="jsx-610941067"
      style={
        Object {
          "fontSize": 16,
        }
      }
    >
      Medical School
    </h4>
    <h5
      className="jsx-3157562509"
      style={
        Object {
          "fontSize": 16,
          "fontWeight": "normal",
          "marginTop": 8,
        }
      }
    >
      University of Texas Medical Branch, Galveston, TX., 1996
    </h5>
  </div>
  <div
    className="jsx-3215497222 information-item"
  >
    <h4
      className="jsx-610941067"
      style={
        Object {
          "fontSize": 16,
        }
      }
    >
      Residency
    </h4>
    <h5
      className="jsx-3157562509"
      style={
        Object {
          "fontSize": 16,
          "fontWeight": "normal",
          "marginTop": 8,
        }
      }
    >
      John Peter Smith Hospital, Fort Worth, TX
    </h5>
  </div>
  <div
    className="jsx-3215497222 information-item"
  >
    <h4
      className="jsx-610941067"
      style={
        Object {
          "fontSize": 16,
        }
      }
    >
      Board Certification
    </h4>
    <h5
      className="jsx-3157562509"
      style={
        Object {
          "fontSize": 16,
          "fontWeight": "normal",
          "marginTop": 8,
        }
      }
    >
      American Board of Family Medicine
    </h5>
  </div>
  <div
    className="jsx-3215497222 information-item"
  >
    <h4
      className="jsx-610941067"
      style={
        Object {
          "fontSize": 16,
        }
      }
    >
      Hospital Affilation
    </h4>
    <ul
      className="jsx-3401328911"
      style={
        Object {
          "marginTop": 8,
        }
      }
    >
      <li
        className="jsx-1051720404"
        style={Object {}}
      >
        Arlington Memorial Hospital
      </li>
    </ul>
  </div>
  <div
    className="jsx-3215497222 information-item"
  >
    <h4
      className="jsx-610941067"
      style={
        Object {
          "fontSize": 16,
        }
      }
    >
      Professional Organizations
    </h4>
    <ul
      className="jsx-3401328911"
      style={
        Object {
          "marginTop": 8,
        }
      }
    >
      <li
        className="jsx-1051720404"
        style={Object {}}
      >
        American Medical Association
      </li>
      <li
        className="jsx-1051720404"
        style={Object {}}
      >
        Texas Medical Association
      </li>
      <li
        className="jsx-1051720404"
        style={Object {}}
      >
        American Academy of Family Physicians
      </li>
    </ul>
  </div>
  <div
    className="jsx-3215497222 information-item"
  >
    <h4
      className="jsx-610941067"
      style={
        Object {
          "fontSize": 16,
        }
      }
    >
      Professional Organizations
    </h4>
    <h5
      className="jsx-3157562509"
      style={
        Object {
          "fontSize": 16,
          "fontWeight": "normal",
          "marginTop": 8,
        }
      }
    >
      American Board of Family Medicine
    </h5>
    <ul
      className="jsx-3401328911"
      style={
        Object {
          "marginTop": 8,
        }
      }
    >
      <li
        className="jsx-1051720404"
        style={Object {}}
      >
        American Medical Association
      </li>
      <li
        className="jsx-1051720404"
        style={Object {}}
      >
        Texas Medical Association
      </li>
      <li
        className="jsx-1051720404"
        style={Object {}}
      >
        American Academy of Family Physicians
      </li>
    </ul>
  </div>
</div>
`;
